// Jest Snapshot v1, https://goo.gl/fbAQLP

exports[`NewsArticle should match the snapshot 1`] = `
<div
  className="NewsArticle"
>
  <img
    src="some file"
  />
  <h2>
    Denver Man Eats Bug
  </h2>
  <p
    className="description"
  >
    A denver man has eaten a bug
  </p>
  <a
    className="link"
    href="some url"
  >
    Article Link
  </a>
</div>
`;
