// Jest Snapshot v1, https://goo.gl/fbAQLP

exports[`Menu should match the snapshot 1`] = `
<div
  className="Menu"
>
  <button
    className="news-src-btn"
    name="entertainment"
  >
    Entertainment
  </button>
  <button
    className="news-src-btn"
    name="health"
  >
    Health
  </button>
  <button
    className="news-src-btn"
    name="local"
  >
    Local
  </button>
  <button
    className="news-src-btn"
    name="science"
  >
    Science
  </button>
  <button
    className="news-src-btn"
    name="technology"
  >
    Technology
  </button>
</div>
`;
